models are unequal

< 8 triples
> 10 triples
> [http://jednotka.cz, http://www.w3.org/1999/02/22-rdf-syntax-ns#type, https://slovn?k.gov.cz/generick?/??seln?ky/pojem/jednotka]
> [http://publications.europa.eu/resource/authority/language/CES, http://www.w3.org/1999/02/22-rdf-syntax-ns#type, https://slovn?k.gov.cz/datov?/jazyky/pojem/jazyk]
